// Jest Snapshot v1, https://goo.gl/fbAQLP

exports[`UniswapV3PoolDeployer #createPool gas 1`] = `4609761`;
