// Jest Snapshot v1, https://goo.gl/fbAQLP

exports[`UniswapV3Factory #createPool gas 1`] = `4595335`;

exports[`UniswapV3Factory factory bytecode size 1`] = `2587`;

exports[`UniswapV3Factory pool bytecode size 1`] = `22305`;
